{
	#<Cell:0x007f89ea1b67c0 @links={#<Cell:0x007f89ea1b66d0 @links={#<Cell:0x007f89ea1b67c0 ...>=>true}>=>true}> => true
}
