{
	#<Cell:0x007f89ea1c6710 @links={#<Cell:0x007f89ea1c6760 @links={#<Cell:0x007f89ea1c6710 ...>=>true}>=>true}> => true
}
